Mercator-S d.o.o.
Autoput za Zagreb, Beograd
Matični broj: 06886671
PIB: 101670560
Prodajni objekat 281, online Beograd
Bulevar umetnosti 4, Beograd
Mercator-S d.o.o.
Autoput za Zagreb, Beograd
Matični broj: 06886671
PIB: 101670560
Prodajni objekat 553, online Novi Sad
Bulevar oslobođenja 102, Novi Sad